// Jest Snapshot v1, https://goo.gl/fbAQLP

exports[`LogoType component should correctly spread additional props to root element 1`] = `
.emotion-0 {
  max-width: 270px;
  height: auto;
}

.emotion-2 {
  display: block;
}

.emotion-1 {
  white-space: nowrap;
}

.emotion-4 {
  font-family: "Helvetica Neue",Helvetica,Arial,sans-serif;
  font-weight: 300;
  font-size: 1.75rem;
  line-height: 1;
  margin: 0;
}

<section
  style={
    Object {
      "width": "200px",
    }
  }
>
  <svg
    aria-labelledby="title desc"
    className="emotion-0"
    role="img"
    viewBox="0 0 508.204 141.732"
    xmlns="http://www.w3.org/2000/svg"
  >
    <title
      id="title"
    >
      NASA logo
    </title>
    <desc
      id="desc"
    >
      NASA Logo
    </desc>
    <g>
      <path
        d="M91.991,104.699c1.576,5.961,4.119,8.266,8.613,8.266c4.659,0,7.102-2.799,7.102-8.266V3.2h29.184v101.499    c0,14.307-1.856,20.506-9.11,27.762c-5.228,5.229-14.871,9.271-27.047,9.271c-9.837,0-19.25-3.256-25.253-9.27 c-5.263-5.273-8.154-10.689-12.672-27.764L44.9,37.033c-1.577-5.961-4.119-8.265-8.613-8.265c-4.66,0-7.103,2.798-7.103,8.265 v101.5H0v-101.5C0,22.727,1.857,16.527,9.111,9.271C14.337,4.044,23.981,0,36.158,0c9.837,0,19.25,3.257,25.253,9.27 c5.263,5.273,8.154,10.689,12.672,27.764L91.991,104.699z"
        fill="#000000"
      />
      <path
        d="M478.038,138.533L444.334,33.096c-0.372-1.164-0.723-2.152-1.263-2.811 c-0.926-1.127-2.207-1.719-3.931-1.719c-1.723,0-3.004,0.592-3.931,1.719c-0.539,0.658-0.891,1.646-1.262,2.811l-33.703,105.437 h-30.167l36.815-115.177c1.918-6,4.66-11.094,8.139-14.488C421.002,3.047,428.038,0,439.141,0s18.14,3.047,24.109,8.867    c3.479,3.395,6.221,8.488,8.14,14.488l36.814,115.177H478.038z"
        fill="#000000"
      />
      <path
        d="M328.878,138.533c19.12,0,28.446-4.062,35.814-11.389c8.153-8.105,12.053-16.973,12.053-30.213 c0-11.699-4.283-22.535-10.804-29.019c-8.526-8.479-19.116-11.151-36.384-11.151L305.37,56.76c-9.242,0-12.925-1.117-15.839-3.98 c-2.001-1.964-2.939-4.885-2.939-8.328c0-3.559,0.857-7.074,3.303-9.475c2.171-2.131,5.13-3.109,10.816-3.109h69.903V3.2H306.05 c-19.12,0-28.445,4.063-35.814,11.389c-8.152,8.105-12.053,16.972-12.053,30.212c0,11.701,4.283,22.536,10.804,29.019 c8.527,8.479,19.116,11.152,36.384,11.152l24.188,0.002c9.242,0,12.925,1.115,15.839,3.979c2.001,1.965,2.939,4.885,2.939,8.328 c0,3.559-0.857,7.074-3.302,9.475c-2.172,2.131-5.131,3.109-10.817,3.109h-72.094l-27.651-86.509 c-1.918-6-4.66-11.094-8.139-14.488C220.363,3.047,213.327,0,202.224,0s-18.14,3.047-24.108,8.867 c-3.48,3.395-6.221,8.488-8.139,14.488l-36.815,115.177h30.166l33.704-105.437c0.372-1.164,0.723-2.152,1.263-2.811 c0.926-1.127,2.208-1.719,3.931-1.719s3.004,0.592,3.931,1.719c0.54,0.658,0.891,1.646,1.262,2.811l33.704,105.437H328.878z"
        fill="#000000"
      />
    </g>
  </svg>
  <h1
    className="emotion-4"
  >
    <span>
      <span
        className="emotion-2"
      >
        National 
        <span
          className="emotion-1"
        >
          Aeronautics and
        </span>
      </span>
      <span
        className="emotion-2"
      >
        Space Administration
      </span>
    </span>
  </h1>
</section>
`;

exports[`LogoType component should render correctly given incorrect heading levels 1`] = `
.emotion-0 {
  max-width: 270px;
  height: auto;
}

.emotion-2 {
  display: block;
}

.emotion-1 {
  white-space: nowrap;
}

.emotion-4 {
  font-family: "Helvetica Neue",Helvetica,Arial,sans-serif;
  font-weight: 300;
  font-size: 1.75rem;
  line-height: 1;
  margin: 0;
}

<section>
  <svg
    aria-labelledby="title desc"
    className="emotion-0"
    role="img"
    viewBox="0 0 508.204 141.732"
    xmlns="http://www.w3.org/2000/svg"
  >
    <title
      id="title"
    >
      NASA logo
    </title>
    <desc
      id="desc"
    >
      NASA Logo
    </desc>
    <g>
      <path
        d="M91.991,104.699c1.576,5.961,4.119,8.266,8.613,8.266c4.659,0,7.102-2.799,7.102-8.266V3.2h29.184v101.499    c0,14.307-1.856,20.506-9.11,27.762c-5.228,5.229-14.871,9.271-27.047,9.271c-9.837,0-19.25-3.256-25.253-9.27 c-5.263-5.273-8.154-10.689-12.672-27.764L44.9,37.033c-1.577-5.961-4.119-8.265-8.613-8.265c-4.66,0-7.103,2.798-7.103,8.265 v101.5H0v-101.5C0,22.727,1.857,16.527,9.111,9.271C14.337,4.044,23.981,0,36.158,0c9.837,0,19.25,3.257,25.253,9.27 c5.263,5.273,8.154,10.689,12.672,27.764L91.991,104.699z"
        fill="#000000"
      />
      <path
        d="M478.038,138.533L444.334,33.096c-0.372-1.164-0.723-2.152-1.263-2.811 c-0.926-1.127-2.207-1.719-3.931-1.719c-1.723,0-3.004,0.592-3.931,1.719c-0.539,0.658-0.891,1.646-1.262,2.811l-33.703,105.437 h-30.167l36.815-115.177c1.918-6,4.66-11.094,8.139-14.488C421.002,3.047,428.038,0,439.141,0s18.14,3.047,24.109,8.867    c3.479,3.395,6.221,8.488,8.14,14.488l36.814,115.177H478.038z"
        fill="#000000"
      />
      <path
        d="M328.878,138.533c19.12,0,28.446-4.062,35.814-11.389c8.153-8.105,12.053-16.973,12.053-30.213 c0-11.699-4.283-22.535-10.804-29.019c-8.526-8.479-19.116-11.151-36.384-11.151L305.37,56.76c-9.242,0-12.925-1.117-15.839-3.98 c-2.001-1.964-2.939-4.885-2.939-8.328c0-3.559,0.857-7.074,3.303-9.475c2.171-2.131,5.13-3.109,10.816-3.109h69.903V3.2H306.05 c-19.12,0-28.445,4.063-35.814,11.389c-8.152,8.105-12.053,16.972-12.053,30.212c0,11.701,4.283,22.536,10.804,29.019 c8.527,8.479,19.116,11.152,36.384,11.152l24.188,0.002c9.242,0,12.925,1.115,15.839,3.979c2.001,1.965,2.939,4.885,2.939,8.328 c0,3.559-0.857,7.074-3.302,9.475c-2.172,2.131-5.131,3.109-10.817,3.109h-72.094l-27.651-86.509 c-1.918-6-4.66-11.094-8.139-14.488C220.363,3.047,213.327,0,202.224,0s-18.14,3.047-24.108,8.867 c-3.48,3.395-6.221,8.488-8.139,14.488l-36.815,115.177h30.166l33.704-105.437c0.372-1.164,0.723-2.152,1.263-2.811 c0.926-1.127,2.208-1.719,3.931-1.719s3.004,0.592,3.931,1.719c0.54,0.658,0.891,1.646,1.262,2.811l33.704,105.437H328.878z"
        fill="#000000"
      />
    </g>
  </svg>
  <h1
    className="emotion-4"
  >
    <span>
      <span
        className="emotion-2"
      >
        National 
        <span
          className="emotion-1"
        >
          Aeronautics and
        </span>
      </span>
      <span
        className="emotion-2"
      >
        Space Administration
      </span>
    </span>
  </h1>
</section>
`;

exports[`LogoType component should render correctly given incorrect heading levels 2`] = `
.emotion-0 {
  max-width: 270px;
  height: auto;
}

.emotion-2 {
  display: block;
}

.emotion-1 {
  white-space: nowrap;
}

.emotion-4 {
  font-family: "Helvetica Neue",Helvetica,Arial,sans-serif;
  font-weight: 300;
  font-size: 1.75rem;
  line-height: 1;
  margin: 0;
}

<section>
  <svg
    aria-labelledby="title desc"
    className="emotion-0"
    role="img"
    viewBox="0 0 508.204 141.732"
    xmlns="http://www.w3.org/2000/svg"
  >
    <title
      id="title"
    >
      NASA logo
    </title>
    <desc
      id="desc"
    >
      NASA Logo
    </desc>
    <g>
      <path
        d="M91.991,104.699c1.576,5.961,4.119,8.266,8.613,8.266c4.659,0,7.102-2.799,7.102-8.266V3.2h29.184v101.499    c0,14.307-1.856,20.506-9.11,27.762c-5.228,5.229-14.871,9.271-27.047,9.271c-9.837,0-19.25-3.256-25.253-9.27 c-5.263-5.273-8.154-10.689-12.672-27.764L44.9,37.033c-1.577-5.961-4.119-8.265-8.613-8.265c-4.66,0-7.103,2.798-7.103,8.265 v101.5H0v-101.5C0,22.727,1.857,16.527,9.111,9.271C14.337,4.044,23.981,0,36.158,0c9.837,0,19.25,3.257,25.253,9.27 c5.263,5.273,8.154,10.689,12.672,27.764L91.991,104.699z"
        fill="#000000"
      />
      <path
        d="M478.038,138.533L444.334,33.096c-0.372-1.164-0.723-2.152-1.263-2.811 c-0.926-1.127-2.207-1.719-3.931-1.719c-1.723,0-3.004,0.592-3.931,1.719c-0.539,0.658-0.891,1.646-1.262,2.811l-33.703,105.437 h-30.167l36.815-115.177c1.918-6,4.66-11.094,8.139-14.488C421.002,3.047,428.038,0,439.141,0s18.14,3.047,24.109,8.867    c3.479,3.395,6.221,8.488,8.14,14.488l36.814,115.177H478.038z"
        fill="#000000"
      />
      <path
        d="M328.878,138.533c19.12,0,28.446-4.062,35.814-11.389c8.153-8.105,12.053-16.973,12.053-30.213 c0-11.699-4.283-22.535-10.804-29.019c-8.526-8.479-19.116-11.151-36.384-11.151L305.37,56.76c-9.242,0-12.925-1.117-15.839-3.98 c-2.001-1.964-2.939-4.885-2.939-8.328c0-3.559,0.857-7.074,3.303-9.475c2.171-2.131,5.13-3.109,10.816-3.109h69.903V3.2H306.05 c-19.12,0-28.445,4.063-35.814,11.389c-8.152,8.105-12.053,16.972-12.053,30.212c0,11.701,4.283,22.536,10.804,29.019 c8.527,8.479,19.116,11.152,36.384,11.152l24.188,0.002c9.242,0,12.925,1.115,15.839,3.979c2.001,1.965,2.939,4.885,2.939,8.328 c0,3.559-0.857,7.074-3.302,9.475c-2.172,2.131-5.131,3.109-10.817,3.109h-72.094l-27.651-86.509 c-1.918-6-4.66-11.094-8.139-14.488C220.363,3.047,213.327,0,202.224,0s-18.14,3.047-24.108,8.867 c-3.48,3.395-6.221,8.488-8.139,14.488l-36.815,115.177h30.166l33.704-105.437c0.372-1.164,0.723-2.152,1.263-2.811 c0.926-1.127,2.208-1.719,3.931-1.719s3.004,0.592,3.931,1.719c0.54,0.658,0.891,1.646,1.262,2.811l33.704,105.437H328.878z"
        fill="#000000"
      />
    </g>
  </svg>
  <h1
    className="emotion-4"
  >
    <span>
      <span
        className="emotion-2"
      >
        National 
        <span
          className="emotion-1"
        >
          Aeronautics and
        </span>
      </span>
      <span
        className="emotion-2"
      >
        Space Administration
      </span>
    </span>
  </h1>
</section>
`;

exports[`LogoType component should render correctly given incorrect prop values 1`] = `
.emotion-1 {
  display: block;
}

.emotion-0 {
  max-width: 270px;
  height: auto;
}

.emotion-5 {
  font-family: "Helvetica Neue",Helvetica,Arial,sans-serif;
  font-weight: 300;
  font-size: 1.75rem;
  line-height: 1;
  margin: 0;
}

<section>
  <svg
    aria-labelledby="title desc"
    className="emotion-0"
    role="img"
    viewBox="0 0 508.204 141.732"
    xmlns="http://www.w3.org/2000/svg"
  >
    <title
      id="title"
    >
      NASA logo
    </title>
    <desc
      id="desc"
    >
      NASA Logo
    </desc>
    <g>
      <path
        d="M91.991,104.699c1.576,5.961,4.119,8.266,8.613,8.266c4.659,0,7.102-2.799,7.102-8.266V3.2h29.184v101.499    c0,14.307-1.856,20.506-9.11,27.762c-5.228,5.229-14.871,9.271-27.047,9.271c-9.837,0-19.25-3.256-25.253-9.27 c-5.263-5.273-8.154-10.689-12.672-27.764L44.9,37.033c-1.577-5.961-4.119-8.265-8.613-8.265c-4.66,0-7.103,2.798-7.103,8.265 v101.5H0v-101.5C0,22.727,1.857,16.527,9.111,9.271C14.337,4.044,23.981,0,36.158,0c9.837,0,19.25,3.257,25.253,9.27 c5.263,5.273,8.154,10.689,12.672,27.764L91.991,104.699z"
        fill="#000000"
      />
      <path
        d="M478.038,138.533L444.334,33.096c-0.372-1.164-0.723-2.152-1.263-2.811 c-0.926-1.127-2.207-1.719-3.931-1.719c-1.723,0-3.004,0.592-3.931,1.719c-0.539,0.658-0.891,1.646-1.262,2.811l-33.703,105.437 h-30.167l36.815-115.177c1.918-6,4.66-11.094,8.139-14.488C421.002,3.047,428.038,0,439.141,0s18.14,3.047,24.109,8.867    c3.479,3.395,6.221,8.488,8.14,14.488l36.814,115.177H478.038z"
        fill="#000000"
      />
      <path
        d="M328.878,138.533c19.12,0,28.446-4.062,35.814-11.389c8.153-8.105,12.053-16.973,12.053-30.213 c0-11.699-4.283-22.535-10.804-29.019c-8.526-8.479-19.116-11.151-36.384-11.151L305.37,56.76c-9.242,0-12.925-1.117-15.839-3.98 c-2.001-1.964-2.939-4.885-2.939-8.328c0-3.559,0.857-7.074,3.303-9.475c2.171-2.131,5.13-3.109,10.816-3.109h69.903V3.2H306.05 c-19.12,0-28.445,4.063-35.814,11.389c-8.152,8.105-12.053,16.972-12.053,30.212c0,11.701,4.283,22.536,10.804,29.019 c8.527,8.479,19.116,11.152,36.384,11.152l24.188,0.002c9.242,0,12.925,1.115,15.839,3.979c2.001,1.965,2.939,4.885,2.939,8.328 c0,3.559-0.857,7.074-3.302,9.475c-2.172,2.131-5.131,3.109-10.817,3.109h-72.094l-27.651-86.509 c-1.918-6-4.66-11.094-8.139-14.488C220.363,3.047,213.327,0,202.224,0s-18.14,3.047-24.108,8.867 c-3.48,3.395-6.221,8.488-8.139,14.488l-36.815,115.177h30.166l33.704-105.437c0.372-1.164,0.723-2.152,1.263-2.811 c0.926-1.127,2.208-1.719,3.931-1.719s3.004,0.592,3.931,1.719c0.54,0.658,0.891,1.646,1.262,2.811l33.704,105.437H328.878z"
        fill="#000000"
      />
    </g>
  </svg>
  <h1
    className="emotion-5"
  >
    <span>
      <span
        className="emotion-1"
      >
        National
      </span>
      <span
        className="emotion-1"
      >
        Aeronautics and
      </span>
      <span
        className="emotion-1"
      >
        Space
      </span>
      <span
        className="emotion-1"
      >
        Administration
      </span>
    </span>
  </h1>
</section>
`;

exports[`LogoType component should render correctly given no props 1`] = `
.emotion-0 {
  max-width: 270px;
  height: auto;
}

.emotion-2 {
  display: block;
}

.emotion-1 {
  white-space: nowrap;
}

.emotion-4 {
  font-family: "Helvetica Neue",Helvetica,Arial,sans-serif;
  font-weight: 300;
  font-size: 1.75rem;
  line-height: 1;
  margin: 0;
}

<section>
  <svg
    aria-labelledby="title desc"
    className="emotion-0"
    role="img"
    viewBox="0 0 508.204 141.732"
    xmlns="http://www.w3.org/2000/svg"
  >
    <title
      id="title"
    >
      NASA logo
    </title>
    <desc
      id="desc"
    >
      NASA Logo
    </desc>
    <g>
      <path
        d="M91.991,104.699c1.576,5.961,4.119,8.266,8.613,8.266c4.659,0,7.102-2.799,7.102-8.266V3.2h29.184v101.499    c0,14.307-1.856,20.506-9.11,27.762c-5.228,5.229-14.871,9.271-27.047,9.271c-9.837,0-19.25-3.256-25.253-9.27 c-5.263-5.273-8.154-10.689-12.672-27.764L44.9,37.033c-1.577-5.961-4.119-8.265-8.613-8.265c-4.66,0-7.103,2.798-7.103,8.265 v101.5H0v-101.5C0,22.727,1.857,16.527,9.111,9.271C14.337,4.044,23.981,0,36.158,0c9.837,0,19.25,3.257,25.253,9.27 c5.263,5.273,8.154,10.689,12.672,27.764L91.991,104.699z"
        fill="#000000"
      />
      <path
        d="M478.038,138.533L444.334,33.096c-0.372-1.164-0.723-2.152-1.263-2.811 c-0.926-1.127-2.207-1.719-3.931-1.719c-1.723,0-3.004,0.592-3.931,1.719c-0.539,0.658-0.891,1.646-1.262,2.811l-33.703,105.437 h-30.167l36.815-115.177c1.918-6,4.66-11.094,8.139-14.488C421.002,3.047,428.038,0,439.141,0s18.14,3.047,24.109,8.867    c3.479,3.395,6.221,8.488,8.14,14.488l36.814,115.177H478.038z"
        fill="#000000"
      />
      <path
        d="M328.878,138.533c19.12,0,28.446-4.062,35.814-11.389c8.153-8.105,12.053-16.973,12.053-30.213 c0-11.699-4.283-22.535-10.804-29.019c-8.526-8.479-19.116-11.151-36.384-11.151L305.37,56.76c-9.242,0-12.925-1.117-15.839-3.98 c-2.001-1.964-2.939-4.885-2.939-8.328c0-3.559,0.857-7.074,3.303-9.475c2.171-2.131,5.13-3.109,10.816-3.109h69.903V3.2H306.05 c-19.12,0-28.445,4.063-35.814,11.389c-8.152,8.105-12.053,16.972-12.053,30.212c0,11.701,4.283,22.536,10.804,29.019 c8.527,8.479,19.116,11.152,36.384,11.152l24.188,0.002c9.242,0,12.925,1.115,15.839,3.979c2.001,1.965,2.939,4.885,2.939,8.328 c0,3.559-0.857,7.074-3.302,9.475c-2.172,2.131-5.131,3.109-10.817,3.109h-72.094l-27.651-86.509 c-1.918-6-4.66-11.094-8.139-14.488C220.363,3.047,213.327,0,202.224,0s-18.14,3.047-24.108,8.867 c-3.48,3.395-6.221,8.488-8.139,14.488l-36.815,115.177h30.166l33.704-105.437c0.372-1.164,0.723-2.152,1.263-2.811 c0.926-1.127,2.208-1.719,3.931-1.719s3.004,0.592,3.931,1.719c0.54,0.658,0.891,1.646,1.262,2.811l33.704,105.437H328.878z"
        fill="#000000"
      />
    </g>
  </svg>
  <h1
    className="emotion-4"
  >
    <span>
      <span
        className="emotion-2"
      >
        National 
        <span
          className="emotion-1"
        >
          Aeronautics and
        </span>
      </span>
      <span
        className="emotion-2"
      >
        Space Administration
      </span>
    </span>
  </h1>
</section>
`;

exports[`LogoType component should render correctly given props {"headingLevel":1,"size":"sm","stacked":true} 1`] = `
.emotion-0 {
  max-width: 190px;
  height: auto;
}

.emotion-5 {
  font-family: "Helvetica Neue",Helvetica,Arial,sans-serif;
  font-weight: 300;
  font-size: 1.25rem;
  line-height: 1;
  margin: 0;
}

.emotion-1 {
  display: block;
}

<section>
  <svg
    aria-labelledby="title desc"
    className="emotion-0"
    role="img"
    viewBox="0 0 508.204 141.732"
    xmlns="http://www.w3.org/2000/svg"
  >
    <title
      id="title"
    >
      NASA logo
    </title>
    <desc
      id="desc"
    >
      NASA Logo
    </desc>
    <g>
      <path
        d="M91.991,104.699c1.576,5.961,4.119,8.266,8.613,8.266c4.659,0,7.102-2.799,7.102-8.266V3.2h29.184v101.499    c0,14.307-1.856,20.506-9.11,27.762c-5.228,5.229-14.871,9.271-27.047,9.271c-9.837,0-19.25-3.256-25.253-9.27 c-5.263-5.273-8.154-10.689-12.672-27.764L44.9,37.033c-1.577-5.961-4.119-8.265-8.613-8.265c-4.66,0-7.103,2.798-7.103,8.265 v101.5H0v-101.5C0,22.727,1.857,16.527,9.111,9.271C14.337,4.044,23.981,0,36.158,0c9.837,0,19.25,3.257,25.253,9.27 c5.263,5.273,8.154,10.689,12.672,27.764L91.991,104.699z"
        fill="#000000"
      />
      <path
        d="M478.038,138.533L444.334,33.096c-0.372-1.164-0.723-2.152-1.263-2.811 c-0.926-1.127-2.207-1.719-3.931-1.719c-1.723,0-3.004,0.592-3.931,1.719c-0.539,0.658-0.891,1.646-1.262,2.811l-33.703,105.437 h-30.167l36.815-115.177c1.918-6,4.66-11.094,8.139-14.488C421.002,3.047,428.038,0,439.141,0s18.14,3.047,24.109,8.867    c3.479,3.395,6.221,8.488,8.14,14.488l36.814,115.177H478.038z"
        fill="#000000"
      />
      <path
        d="M328.878,138.533c19.12,0,28.446-4.062,35.814-11.389c8.153-8.105,12.053-16.973,12.053-30.213 c0-11.699-4.283-22.535-10.804-29.019c-8.526-8.479-19.116-11.151-36.384-11.151L305.37,56.76c-9.242,0-12.925-1.117-15.839-3.98 c-2.001-1.964-2.939-4.885-2.939-8.328c0-3.559,0.857-7.074,3.303-9.475c2.171-2.131,5.13-3.109,10.816-3.109h69.903V3.2H306.05 c-19.12,0-28.445,4.063-35.814,11.389c-8.152,8.105-12.053,16.972-12.053,30.212c0,11.701,4.283,22.536,10.804,29.019 c8.527,8.479,19.116,11.152,36.384,11.152l24.188,0.002c9.242,0,12.925,1.115,15.839,3.979c2.001,1.965,2.939,4.885,2.939,8.328 c0,3.559-0.857,7.074-3.302,9.475c-2.172,2.131-5.131,3.109-10.817,3.109h-72.094l-27.651-86.509 c-1.918-6-4.66-11.094-8.139-14.488C220.363,3.047,213.327,0,202.224,0s-18.14,3.047-24.108,8.867 c-3.48,3.395-6.221,8.488-8.139,14.488l-36.815,115.177h30.166l33.704-105.437c0.372-1.164,0.723-2.152,1.263-2.811 c0.926-1.127,2.208-1.719,3.931-1.719s3.004,0.592,3.931,1.719c0.54,0.658,0.891,1.646,1.262,2.811l33.704,105.437H328.878z"
        fill="#000000"
      />
    </g>
  </svg>
  <h1
    className="emotion-5"
  >
    <span>
      <span
        className="emotion-1"
      >
        National
      </span>
      <span
        className="emotion-1"
      >
        Aeronautics and
      </span>
      <span
        className="emotion-1"
      >
        Space
      </span>
      <span
        className="emotion-1"
      >
        Administration
      </span>
    </span>
  </h1>
</section>
`;

exports[`LogoType component should render correctly given props {"headingLevel":2,"theme":"light"} 1`] = `
.emotion-0 {
  max-width: 270px;
  height: auto;
}

.emotion-4 {
  color: #FFFFFF;
  font-family: "Helvetica Neue",Helvetica,Arial,sans-serif;
  font-weight: 300;
  font-size: 1.75rem;
  line-height: 1;
  margin: 0;
}

.emotion-2 {
  display: block;
}

.emotion-1 {
  white-space: nowrap;
}

<section>
  <svg
    aria-labelledby="title desc"
    className="emotion-0"
    role="img"
    viewBox="0 0 508.204 141.732"
    xmlns="http://www.w3.org/2000/svg"
  >
    <title
      id="title"
    >
      NASA logo
    </title>
    <desc
      id="desc"
    >
      NASA Logo
    </desc>
    <g>
      <path
        d="M91.991,104.699c1.576,5.961,4.119,8.266,8.613,8.266c4.659,0,7.102-2.799,7.102-8.266V3.2h29.184v101.499    c0,14.307-1.856,20.506-9.11,27.762c-5.228,5.229-14.871,9.271-27.047,9.271c-9.837,0-19.25-3.256-25.253-9.27 c-5.263-5.273-8.154-10.689-12.672-27.764L44.9,37.033c-1.577-5.961-4.119-8.265-8.613-8.265c-4.66,0-7.103,2.798-7.103,8.265 v101.5H0v-101.5C0,22.727,1.857,16.527,9.111,9.271C14.337,4.044,23.981,0,36.158,0c9.837,0,19.25,3.257,25.253,9.27 c5.263,5.273,8.154,10.689,12.672,27.764L91.991,104.699z"
        fill="#FFFFFF"
      />
      <path
        d="M478.038,138.533L444.334,33.096c-0.372-1.164-0.723-2.152-1.263-2.811 c-0.926-1.127-2.207-1.719-3.931-1.719c-1.723,0-3.004,0.592-3.931,1.719c-0.539,0.658-0.891,1.646-1.262,2.811l-33.703,105.437 h-30.167l36.815-115.177c1.918-6,4.66-11.094,8.139-14.488C421.002,3.047,428.038,0,439.141,0s18.14,3.047,24.109,8.867    c3.479,3.395,6.221,8.488,8.14,14.488l36.814,115.177H478.038z"
        fill="#FFFFFF"
      />
      <path
        d="M328.878,138.533c19.12,0,28.446-4.062,35.814-11.389c8.153-8.105,12.053-16.973,12.053-30.213 c0-11.699-4.283-22.535-10.804-29.019c-8.526-8.479-19.116-11.151-36.384-11.151L305.37,56.76c-9.242,0-12.925-1.117-15.839-3.98 c-2.001-1.964-2.939-4.885-2.939-8.328c0-3.559,0.857-7.074,3.303-9.475c2.171-2.131,5.13-3.109,10.816-3.109h69.903V3.2H306.05 c-19.12,0-28.445,4.063-35.814,11.389c-8.152,8.105-12.053,16.972-12.053,30.212c0,11.701,4.283,22.536,10.804,29.019 c8.527,8.479,19.116,11.152,36.384,11.152l24.188,0.002c9.242,0,12.925,1.115,15.839,3.979c2.001,1.965,2.939,4.885,2.939,8.328 c0,3.559-0.857,7.074-3.302,9.475c-2.172,2.131-5.131,3.109-10.817,3.109h-72.094l-27.651-86.509 c-1.918-6-4.66-11.094-8.139-14.488C220.363,3.047,213.327,0,202.224,0s-18.14,3.047-24.108,8.867 c-3.48,3.395-6.221,8.488-8.139,14.488l-36.815,115.177h30.166l33.704-105.437c0.372-1.164,0.723-2.152,1.263-2.811 c0.926-1.127,2.208-1.719,3.931-1.719s3.004,0.592,3.931,1.719c0.54,0.658,0.891,1.646,1.262,2.811l33.704,105.437H328.878z"
        fill="#FFFFFF"
      />
    </g>
  </svg>
  <h2
    className="emotion-4"
  >
    <span>
      <span
        className="emotion-2"
      >
        National 
        <span
          className="emotion-1"
        >
          Aeronautics and
        </span>
      </span>
      <span
        className="emotion-2"
      >
        Space Administration
      </span>
    </span>
  </h2>
</section>
`;

exports[`LogoType component should render correctly given props {"headingLevel":3,"size":"lg","stacked":true,"centerName":"John F. Kennedy Space Center"} 1`] = `
.emotion-1 {
  display: block;
}

.emotion-0 {
  max-width: 300px;
  height: auto;
}

.emotion-6 {
  font-family: "Helvetica Neue",Helvetica,Arial,sans-serif;
  font-weight: 300;
  font-size: 2rem;
  line-height: 1;
  margin: 0;
}

.emotion-5 {
  font-family: "Helvetica Neue",Helvetica,Arial,sans-serif;
  font-weight: 600;
  font-size: 2rem;
  line-height: 1;
  margin: 0;
  display: block;
  margin-top: 0.8rem;
}

<section>
  <svg
    aria-labelledby="title desc"
    className="emotion-0"
    role="img"
    viewBox="0 0 508.204 141.732"
    xmlns="http://www.w3.org/2000/svg"
  >
    <title
      id="title"
    >
      NASA logo
    </title>
    <desc
      id="desc"
    >
      NASA Logo
    </desc>
    <g>
      <path
        d="M91.991,104.699c1.576,5.961,4.119,8.266,8.613,8.266c4.659,0,7.102-2.799,7.102-8.266V3.2h29.184v101.499    c0,14.307-1.856,20.506-9.11,27.762c-5.228,5.229-14.871,9.271-27.047,9.271c-9.837,0-19.25-3.256-25.253-9.27 c-5.263-5.273-8.154-10.689-12.672-27.764L44.9,37.033c-1.577-5.961-4.119-8.265-8.613-8.265c-4.66,0-7.103,2.798-7.103,8.265 v101.5H0v-101.5C0,22.727,1.857,16.527,9.111,9.271C14.337,4.044,23.981,0,36.158,0c9.837,0,19.25,3.257,25.253,9.27 c5.263,5.273,8.154,10.689,12.672,27.764L91.991,104.699z"
        fill="#000000"
      />
      <path
        d="M478.038,138.533L444.334,33.096c-0.372-1.164-0.723-2.152-1.263-2.811 c-0.926-1.127-2.207-1.719-3.931-1.719c-1.723,0-3.004,0.592-3.931,1.719c-0.539,0.658-0.891,1.646-1.262,2.811l-33.703,105.437 h-30.167l36.815-115.177c1.918-6,4.66-11.094,8.139-14.488C421.002,3.047,428.038,0,439.141,0s18.14,3.047,24.109,8.867    c3.479,3.395,6.221,8.488,8.14,14.488l36.814,115.177H478.038z"
        fill="#000000"
      />
      <path
        d="M328.878,138.533c19.12,0,28.446-4.062,35.814-11.389c8.153-8.105,12.053-16.973,12.053-30.213 c0-11.699-4.283-22.535-10.804-29.019c-8.526-8.479-19.116-11.151-36.384-11.151L305.37,56.76c-9.242,0-12.925-1.117-15.839-3.98 c-2.001-1.964-2.939-4.885-2.939-8.328c0-3.559,0.857-7.074,3.303-9.475c2.171-2.131,5.13-3.109,10.816-3.109h69.903V3.2H306.05 c-19.12,0-28.445,4.063-35.814,11.389c-8.152,8.105-12.053,16.972-12.053,30.212c0,11.701,4.283,22.536,10.804,29.019 c8.527,8.479,19.116,11.152,36.384,11.152l24.188,0.002c9.242,0,12.925,1.115,15.839,3.979c2.001,1.965,2.939,4.885,2.939,8.328 c0,3.559-0.857,7.074-3.302,9.475c-2.172,2.131-5.131,3.109-10.817,3.109h-72.094l-27.651-86.509 c-1.918-6-4.66-11.094-8.139-14.488C220.363,3.047,213.327,0,202.224,0s-18.14,3.047-24.108,8.867 c-3.48,3.395-6.221,8.488-8.139,14.488l-36.815,115.177h30.166l33.704-105.437c0.372-1.164,0.723-2.152,1.263-2.811 c0.926-1.127,2.208-1.719,3.931-1.719s3.004,0.592,3.931,1.719c0.54,0.658,0.891,1.646,1.262,2.811l33.704,105.437H328.878z"
        fill="#000000"
      />
    </g>
  </svg>
  <h3
    className="emotion-6"
  >
    <span>
      <span
        className="emotion-1"
      >
        National
      </span>
      <span
        className="emotion-1"
      >
        Aeronautics and
      </span>
      <span
        className="emotion-1"
      >
        Space
      </span>
      <span
        className="emotion-1"
      >
        Administration
      </span>
    </span>
    <span
      className="emotion-5"
    >
      John F. Kennedy Space Center
    </span>
  </h3>
</section>
`;

exports[`LogoType component should render correctly given props {"headingLevel":4,"theme":"dark"} 1`] = `
.emotion-0 {
  max-width: 270px;
  height: auto;
}

.emotion-2 {
  display: block;
}

.emotion-1 {
  white-space: nowrap;
}

.emotion-4 {
  font-family: "Helvetica Neue",Helvetica,Arial,sans-serif;
  font-weight: 300;
  font-size: 1.75rem;
  line-height: 1;
  margin: 0;
}

<section>
  <svg
    aria-labelledby="title desc"
    className="emotion-0"
    role="img"
    viewBox="0 0 508.204 141.732"
    xmlns="http://www.w3.org/2000/svg"
  >
    <title
      id="title"
    >
      NASA logo
    </title>
    <desc
      id="desc"
    >
      NASA Logo
    </desc>
    <g>
      <path
        d="M91.991,104.699c1.576,5.961,4.119,8.266,8.613,8.266c4.659,0,7.102-2.799,7.102-8.266V3.2h29.184v101.499    c0,14.307-1.856,20.506-9.11,27.762c-5.228,5.229-14.871,9.271-27.047,9.271c-9.837,0-19.25-3.256-25.253-9.27 c-5.263-5.273-8.154-10.689-12.672-27.764L44.9,37.033c-1.577-5.961-4.119-8.265-8.613-8.265c-4.66,0-7.103,2.798-7.103,8.265 v101.5H0v-101.5C0,22.727,1.857,16.527,9.111,9.271C14.337,4.044,23.981,0,36.158,0c9.837,0,19.25,3.257,25.253,9.27 c5.263,5.273,8.154,10.689,12.672,27.764L91.991,104.699z"
        fill="#000000"
      />
      <path
        d="M478.038,138.533L444.334,33.096c-0.372-1.164-0.723-2.152-1.263-2.811 c-0.926-1.127-2.207-1.719-3.931-1.719c-1.723,0-3.004,0.592-3.931,1.719c-0.539,0.658-0.891,1.646-1.262,2.811l-33.703,105.437 h-30.167l36.815-115.177c1.918-6,4.66-11.094,8.139-14.488C421.002,3.047,428.038,0,439.141,0s18.14,3.047,24.109,8.867    c3.479,3.395,6.221,8.488,8.14,14.488l36.814,115.177H478.038z"
        fill="#000000"
      />
      <path
        d="M328.878,138.533c19.12,0,28.446-4.062,35.814-11.389c8.153-8.105,12.053-16.973,12.053-30.213 c0-11.699-4.283-22.535-10.804-29.019c-8.526-8.479-19.116-11.151-36.384-11.151L305.37,56.76c-9.242,0-12.925-1.117-15.839-3.98 c-2.001-1.964-2.939-4.885-2.939-8.328c0-3.559,0.857-7.074,3.303-9.475c2.171-2.131,5.13-3.109,10.816-3.109h69.903V3.2H306.05 c-19.12,0-28.445,4.063-35.814,11.389c-8.152,8.105-12.053,16.972-12.053,30.212c0,11.701,4.283,22.536,10.804,29.019 c8.527,8.479,19.116,11.152,36.384,11.152l24.188,0.002c9.242,0,12.925,1.115,15.839,3.979c2.001,1.965,2.939,4.885,2.939,8.328 c0,3.559-0.857,7.074-3.302,9.475c-2.172,2.131-5.131,3.109-10.817,3.109h-72.094l-27.651-86.509 c-1.918-6-4.66-11.094-8.139-14.488C220.363,3.047,213.327,0,202.224,0s-18.14,3.047-24.108,8.867 c-3.48,3.395-6.221,8.488-8.139,14.488l-36.815,115.177h30.166l33.704-105.437c0.372-1.164,0.723-2.152,1.263-2.811 c0.926-1.127,2.208-1.719,3.931-1.719s3.004,0.592,3.931,1.719c0.54,0.658,0.891,1.646,1.262,2.811l33.704,105.437H328.878z"
        fill="#000000"
      />
    </g>
  </svg>
  <h4
    className="emotion-4"
  >
    <span>
      <span
        className="emotion-2"
      >
        National 
        <span
          className="emotion-1"
        >
          Aeronautics and
        </span>
      </span>
      <span
        className="emotion-2"
      >
        Space Administration
      </span>
    </span>
  </h4>
</section>
`;

exports[`LogoType component should render correctly given props {"headingLevel":5,"size":"md","centerName":"John F. Kennedy Space Center"} 1`] = `
.emotion-0 {
  max-width: 270px;
  height: auto;
}

.emotion-2 {
  display: block;
}

.emotion-1 {
  white-space: nowrap;
}

.emotion-5 {
  font-family: "Helvetica Neue",Helvetica,Arial,sans-serif;
  font-weight: 300;
  font-size: 1.75rem;
  line-height: 1;
  margin: 0;
}

.emotion-4 {
  font-family: "Helvetica Neue",Helvetica,Arial,sans-serif;
  font-weight: 600;
  font-size: 1.75rem;
  line-height: 1;
  margin: 0;
  display: block;
  margin-top: 0.75rem;
}

<section>
  <svg
    aria-labelledby="title desc"
    className="emotion-0"
    role="img"
    viewBox="0 0 508.204 141.732"
    xmlns="http://www.w3.org/2000/svg"
  >
    <title
      id="title"
    >
      NASA logo
    </title>
    <desc
      id="desc"
    >
      NASA Logo
    </desc>
    <g>
      <path
        d="M91.991,104.699c1.576,5.961,4.119,8.266,8.613,8.266c4.659,0,7.102-2.799,7.102-8.266V3.2h29.184v101.499    c0,14.307-1.856,20.506-9.11,27.762c-5.228,5.229-14.871,9.271-27.047,9.271c-9.837,0-19.25-3.256-25.253-9.27 c-5.263-5.273-8.154-10.689-12.672-27.764L44.9,37.033c-1.577-5.961-4.119-8.265-8.613-8.265c-4.66,0-7.103,2.798-7.103,8.265 v101.5H0v-101.5C0,22.727,1.857,16.527,9.111,9.271C14.337,4.044,23.981,0,36.158,0c9.837,0,19.25,3.257,25.253,9.27 c5.263,5.273,8.154,10.689,12.672,27.764L91.991,104.699z"
        fill="#000000"
      />
      <path
        d="M478.038,138.533L444.334,33.096c-0.372-1.164-0.723-2.152-1.263-2.811 c-0.926-1.127-2.207-1.719-3.931-1.719c-1.723,0-3.004,0.592-3.931,1.719c-0.539,0.658-0.891,1.646-1.262,2.811l-33.703,105.437 h-30.167l36.815-115.177c1.918-6,4.66-11.094,8.139-14.488C421.002,3.047,428.038,0,439.141,0s18.14,3.047,24.109,8.867    c3.479,3.395,6.221,8.488,8.14,14.488l36.814,115.177H478.038z"
        fill="#000000"
      />
      <path
        d="M328.878,138.533c19.12,0,28.446-4.062,35.814-11.389c8.153-8.105,12.053-16.973,12.053-30.213 c0-11.699-4.283-22.535-10.804-29.019c-8.526-8.479-19.116-11.151-36.384-11.151L305.37,56.76c-9.242,0-12.925-1.117-15.839-3.98 c-2.001-1.964-2.939-4.885-2.939-8.328c0-3.559,0.857-7.074,3.303-9.475c2.171-2.131,5.13-3.109,10.816-3.109h69.903V3.2H306.05 c-19.12,0-28.445,4.063-35.814,11.389c-8.152,8.105-12.053,16.972-12.053,30.212c0,11.701,4.283,22.536,10.804,29.019 c8.527,8.479,19.116,11.152,36.384,11.152l24.188,0.002c9.242,0,12.925,1.115,15.839,3.979c2.001,1.965,2.939,4.885,2.939,8.328 c0,3.559-0.857,7.074-3.302,9.475c-2.172,2.131-5.131,3.109-10.817,3.109h-72.094l-27.651-86.509 c-1.918-6-4.66-11.094-8.139-14.488C220.363,3.047,213.327,0,202.224,0s-18.14,3.047-24.108,8.867 c-3.48,3.395-6.221,8.488-8.139,14.488l-36.815,115.177h30.166l33.704-105.437c0.372-1.164,0.723-2.152,1.263-2.811 c0.926-1.127,2.208-1.719,3.931-1.719s3.004,0.592,3.931,1.719c0.54,0.658,0.891,1.646,1.262,2.811l33.704,105.437H328.878z"
        fill="#000000"
      />
    </g>
  </svg>
  <h5
    className="emotion-5"
  >
    <span>
      <span
        className="emotion-2"
      >
        National 
        <span
          className="emotion-1"
        >
          Aeronautics and
        </span>
      </span>
      <span
        className="emotion-2"
      >
        Space Administration
      </span>
    </span>
    <span
      className="emotion-4"
    >
      John F. Kennedy Space Center
    </span>
  </h5>
</section>
`;
